// Jest Snapshot v1, https://goo.gl/fbAQLP

exports[`App matches the Snapshot 1`] = `
<DocumentFragment>
  <div
    class="App"
  >
    <div
      class="menuWrap"
      data-testid="menuWrap"
    >
      <input
        class="toggler"
        data-testid="toggler"
        type="checkbox"
      />
      <div
        class="hamburger"
        data-testid="hamburger"
      >
        <div />
      </div>
      <div
        class="menu"
        data-testid="menu"
      >
        <div>
          <div>
            <ul>
              <li>
                <a
                  class="navbarListElementHome"
                  data-testid="navbarListElementHome"
                  href="/"
                >
                  Home
                </a>
              </li>
              <li>
                <a
                  class="navbarListElementProjects"
                  data-testid="navbarListElementProjects"
                  href="/projects"
                >
                  Projects
                </a>
              </li>
              <li>
                <a
                  class="navbarListElementContact"
                  data-testid="navbarListElementContact"
                  href="/contact"
                >
                  Contact
                </a>
              </li>
            </ul>
          </div>
        </div>
      </div>
    </div>
    <div
      class="outterDiv"
    >
      <div
        class="introContainer"
        data-testid="introContainer"
      >
        <div
          class="topCircle"
          data-testid="topCircle"
        >
          <div
            class="helloDiv"
            data-testid="helloDiv"
          >
            Hello,
          </div>
          <div
            class="myNameDiv"
            data-testid="myNameDiv"
          >
            My name is Szabina!
            <br />
            and
            <br />
            I am a Software Engineer.
          </div>
        </div>
        <div
          class="middleCircle"
          data-testid="middleCircle"
        >
          <p
            class="middleCircleText"
          >
            I have just finished my coding course with Manchester codes, which I have started in March 2020. Learnt HTML, CSS, Javascript, React, Node.js, Express.js, MySQL.
          </p>
        </div>
        <div
          class="bottomCircle"
          data-testid="bottomCircle"
        >
          <p
            class="bottomCircleText"
          >
            Right now I am looking for my first position as a Software Engineer or any exciting projects, where I can deepen my skills and gain some new one. If you have any suggestion please send me a message.
          </p>
        </div>
      </div>
    </div>
    <footer
      class="footer"
      data-testid="footer"
    >
      <div
        class="footerContainer"
        data-testid="footerContainer"
      >
        <a
          class="footerLinkOne"
          data-testid="footerLinkOne"
          href="https://twitter.com/szabinkov?lang=en-gb"
          target="blank"
        >
          <img
            alt="twitter"
            href="www.google.com"
            src="twitter.png"
          />
        </a>
        <a
          class="footerLinkTwo"
          data-testid="footerLinkTwo"
          href="https://www.instagram.com/szabinush/"
          target="blank"
        >
          <img
            alt="instagram"
            src="insta.png"
          />
        </a>
        <a
          class="footerLinkThree"
          data-testid="footerLinkThree"
          href="https://www.linkedin.com/in/szabina-kov%C3%A1cs-7a0592159/"
          target="blank"
        >
          <img
            alt="linkedin"
            src="linkedin.png"
          />
        </a>
        <a
          class="footerLinkFour"
          data-testid="footerLinkFour"
          href="https://github.com/szabinakov"
          target="blank"
        >
          <img
            alt="Github"
            src="github.png"
          />
        </a>
        <a
          class="footerLinkFive"
          data-testid="footerLinkFive"
          href="mailto:szabinkov@gmail.com"
        >
          <img
            alt="Gmail"
            src="gmail.png"
          />
        </a>
      </div>
    </footer>
  </div>
</DocumentFragment>
`;
