// Jest Snapshot v1, https://goo.gl/fbAQLP

exports[`Footer matches the Snapshot 1`] = `
<DocumentFragment>
  <footer
    class="footer"
    data-testid="footer"
  >
    <div
      class="footerContainer"
      data-testid="footerContainer"
    >
      <a
        class="footerLinkOne"
        data-testid="footerLinkOne"
        href="https://twitter.com/szabinkov?lang=en-gb"
        target="blank"
      >
        <img
          alt="twitter"
          href="www.google.com"
          src="twitter.png"
        />
      </a>
      <a
        class="footerLinkTwo"
        data-testid="footerLinkTwo"
        href="https://www.instagram.com/szabinush/"
        target="blank"
      >
        <img
          alt="instagram"
          src="insta.png"
        />
      </a>
      <a
        class="footerLinkThree"
        data-testid="footerLinkThree"
        href="https://www.linkedin.com/in/szabina-kov%C3%A1cs-7a0592159/"
        target="blank"
      >
        <img
          alt="linkedin"
          src="linkedin.png"
        />
      </a>
      <a
        class="footerLinkFour"
        data-testid="footerLinkFour"
        href="https://github.com/szabinakov"
        target="blank"
      >
        <img
          alt="Github"
          src="github.png"
        />
      </a>
      <a
        class="footerLinkFive"
        data-testid="footerLinkFive"
        href="mailto:szabinkov@gmail.com"
      >
        <img
          alt="Gmail"
          src="gmail.png"
        />
      </a>
    </div>
  </footer>
</DocumentFragment>
`;
